// Jest Snapshot v1, https://goo.gl/fbAQLP

exports[`Component: AddExpensePage should render correctly 1`] = `
<AddExpensePage
  addExpense={[MockFunction]}
  history={
    Object {
      "push": [MockFunction],
    }
  }
>
  <div>
    This is from my add expense component
    <ExpenseForm
      data-test-id="add-expense-form"
      formType="add"
      handleSubmit={[Function]}
    >
      <div>
        <form
          data-test-id="expense-form"
          onSubmit={[Function]}
        >
          <input
            data-test-id="description-input"
            onChange={[Function]}
            placeholder="description"
            type="text"
            value=""
          />
          <input
            data-test-id="amount-input"
            onChange={[Function]}
            placeholder="amount"
            type="number"
            value={0}
          />
          <input
            onChange={[Function]}
            placeholder="created at"
            type="number"
            value={0}
          />
          <textarea
            data-test-id="note-input"
            onChange={[Function]}
            placeholder="Write your notes here (optional)"
            value=""
          />
          <button
            type="submit"
          >
            Add Expense
          </button>
        </form>
      </div>
    </ExpenseForm>
  </div>
</AddExpensePage>
`;
